[2026-05-27T17:56:34.081Z] guild=601432397166280706 user=238479694423392256 cmd=join
[2026-05-27T17:56:35.838Z] guild=601432397166280706 user=238479694423392256 cmd=relay
[2026-05-27T17:56:43.083Z] guild=601432397166280706 user=425720914471157762 cmd=search feathers
[2026-05-27T17:57:17.087Z] guild=601432397166280706 user=143958986591436800 cmd=search take what you want
[2026-05-27T17:57:23.531Z] guild=601432397166280706 user=143958986591436800 cmd=play 1
[2026-05-27T17:57:35.681Z] guild=601432397166280706 user=425720914471157762 cmd=search
[2026-05-27T17:57:42.413Z] guild=601432397166280706 user=425720914471157762 cmd=search teardrop
[2026-05-27T17:58:08.009Z] guild=601432397166280706 user=425720914471157762 cmd=q
[2026-05-27T17:59:00.979Z] guild=601432397166280706 user=238479694423392256 cmd=np
[2026-05-27T18:00:26.042Z] guild=601432397166280706 user=425720914471157762 cmd=search massive attack
[2026-05-27T18:00:34.253Z] guild=601432397166280706 user=425720914471157762 cmd=play 1
[2026-05-27T18:01:22.644Z] guild=601432397166280706 user=298028883138314240 cmd=search a call beyond connor kaminski
[2026-05-27T18:01:27.694Z] guild=601432397166280706 user=298028883138314240 cmd=play 1
[2026-05-27T18:02:10.912Z] guild=601432397166280706 user=238479694423392256 cmd=autonp
[2026-05-27T18:02:15.681Z] guild=601432397166280706 user=238479694423392256 cmd=np
[2026-05-27T18:04:57.403Z] guild=601432397166280706 user=238479694423392256 cmd=join
[2026-05-27T18:04:59.257Z] guild=601432397166280706 user=238479694423392256 cmd=relay
[2026-05-27T18:05:16.241Z] guild=601432397166280706 user=425720914471157762 cmd=search macarena
[2026-05-27T18:05:22.965Z] guild=601432397166280706 user=425720914471157762 cmd=play 1
[2026-05-27T18:05:28.968Z] guild=601432397166280706 user=298028883138314240 cmd=search second sequence memorist
[2026-05-27T18:05:33.117Z] guild=601432397166280706 user=298028883138314240 cmd=play 1
[2026-05-27T18:05:59.871Z] guild=601432397166280706 user=298028883138314240 cmd=play takeoff psychic
[2026-05-27T18:06:06.326Z] guild=601432397166280706 user=298028883138314240 cmd=search takeoff psychic
[2026-05-27T18:06:11.079Z] guild=601432397166280706 user=298028883138314240 cmd=play 1
[2026-05-27T18:07:33.626Z] guild=601432397166280706 user=298028883138314240 cmd=search midnight to midtown heritage listed
[2026-05-27T18:07:36.409Z] guild=601432397166280706 user=298028883138314240 cmd=play 1
[2026-05-27T18:08:59.835Z] guild=601432397166280706 user=374208748421644289 cmd=q
[2026-05-27T18:10:13.608Z] guild=601432397166280706 user=238479694423392256 cmd=join
[2026-05-27T18:10:15.263Z] guild=601432397166280706 user=238479694423392256 cmd=relay
[2026-05-27T18:11:44.770Z] guild=601432397166280706 user=298028883138314240 cmd=q
[2026-05-27T18:12:48.894Z] guild=601432397166280706 user=425720914471157762 cmd=search gangnam style
[2026-05-27T18:12:59.313Z] guild=601432397166280706 user=425720914471157762 cmd=play 1
[2026-05-27T18:13:37.333Z] guild=601432397166280706 user=425720914471157762 cmd=skip
[2026-05-27T18:15:29.534Z] guild=601432397166280706 user=374208748421644289 cmd=pause
[2026-05-27T18:15:33.765Z] guild=601432397166280706 user=374208748421644289 cmd=play
[2026-05-27T18:16:42.462Z] guild=601432397166280706 user=425720914471157762 cmd=q
[2026-05-27T18:21:02.535Z] guild=601432397166280706 user=298028883138314240 cmd=search remember huisman
[2026-05-27T18:21:04.548Z] guild=601432397166280706 user=298028883138314240 cmd=play 1
[2026-05-27T18:21:30.062Z] guild=601432397166280706 user=374208748421644289 cmd=q
[2026-05-27T18:21:40.503Z] guild=601432397166280706 user=425720914471157762 cmd=pause
[2026-05-27T18:21:44.435Z] guild=601432397166280706 user=425720914471157762 cmd=play
[2026-05-27T18:21:49.529Z] guild=601432397166280706 user=298028883138314240 cmd=search freak control heritage listed
[2026-05-27T18:21:51.492Z] guild=601432397166280706 user=298028883138314240 cmd=play 1
[2026-05-27T18:22:55.442Z] guild=601432397166280706 user=298028883138314240 cmd=search qumu main theme
[2026-05-27T18:23:02.246Z] guild=601432397166280706 user=298028883138314240 cmd=play 3
[2026-05-27T18:24:07.324Z] guild=601432397166280706 user=425720914471157762 cmd=search megalovnia
[2026-05-27T18:24:12.669Z] guild=601432397166280706 user=425720914471157762 cmd=play 1
[2026-05-27T18:30:20.642Z] guild=601432397166280706 user=238479694423392256 cmd=join
[2026-05-27T18:30:23.574Z] guild=601432397166280706 user=238479694423392256 cmd=relay
[2026-05-27T18:30:34.656Z] guild=601432397166280706 user=425720914471157762 cmd=q
[2026-05-27T18:30:39.794Z] guild=601432397166280706 user=238479694423392256 cmd=voteskip
[2026-05-27T18:30:43.707Z] guild=601432397166280706 user=374208748421644289 cmd=search DVRST Your Name
[2026-05-27T18:30:49.680Z] guild=601432397166280706 user=374208748421644289 cmd=play 1
[2026-05-27T18:30:54.892Z] guild=601432397166280706 user=374208748421644289 cmd=q
[2026-05-27T18:32:57.142Z] guild=601432397166280706 user=425720914471157762 cmd=q
[2026-05-27T18:34:01.993Z] guild=601432397166280706 user=298028883138314240 cmd=search
[2026-05-27T18:38:08.763Z] guild=601432397166280706 user=238479694423392256 cmd=join
[2026-05-27T18:38:11.678Z] guild=601432397166280706 user=238479694423392256 cmd=relay
[2026-05-27T18:38:15.713Z] guild=601432397166280706 user=238479694423392256 cmd=q
[2026-05-27T18:38:31.250Z] guild=601432397166280706 user=238479694423392256 cmd=search cannons
[2026-05-27T18:38:40.605Z] guild=601432397166280706 user=238479694423392256 cmd=play 2
[2026-05-27T18:38:56.733Z] guild=601432397166280706 user=238479694423392256 cmd=autonp
[2026-05-27T18:38:59.124Z] guild=601432397166280706 user=238479694423392256 cmd=np
[2026-05-27T18:39:08.091Z] guild=601432397166280706 user=298028883138314240 cmd=autonp
[2026-05-27T18:39:13.293Z] guild=601432397166280706 user=298028883138314240 cmd=autonp
[2026-05-27T18:41:42.502Z] guild=601432397166280706 user=298028883138314240 cmd=shuffle
[2026-05-27T18:41:49.010Z] guild=601432397166280706 user=298028883138314240 cmd=q
[2026-05-27T18:43:38.314Z] guild=601432397166280706 user=238479694423392256 cmd=join
[2026-05-27T18:43:44.628Z] guild=601432397166280706 user=425720914471157762 cmd=q
[2026-05-27T18:43:48.662Z] guild=601432397166280706 user=298028883138314240 cmd=relay
[2026-05-27T18:44:04.283Z] guild=601432397166280706 user=374208748421644289 cmd=autonp
[2026-05-27T18:44:20.411Z] guild=601432397166280706 user=238479694423392256 cmd=volume
[2026-05-27T18:44:33.124Z] guild=601432397166280706 user=374208748421644289 cmd=volume 100
[2026-05-27T18:44:40.486Z] guild=601432397166280706 user=425720914471157762 cmd=volume
[2026-05-27T18:45:01.939Z] guild=601432397166280706 user=298028883138314240 cmd=np
[2026-05-27T18:45:03.375Z] guild=601432397166280706 user=238479694423392256 cmd=volume 80
[2026-05-27T18:45:21.879Z] guild=601432397166280706 user=425720914471157762 cmd=volume 105
